Command line invocation:
    /Applications/Xcode.app/Contents/Developer/usr/bin/xcodebuild -target TennisPro_OrbitalTests -project TennisPro_orbital.xcodeproj -configuration Debug -destination "platform=iOS Simulator,OS=17.2,name=iPhone 15" -showBuildSettings

User defaults from command line:
    IDEPackageSupportUseBuiltinSCM = YES

Resolve Package Graph


Resolved source packages:
  GoogleAppMeasurement: https://github.com/google/GoogleAppMeasurement.git @ 10.28.0
  leveldb: https://github.com/firebase/leveldb.git @ 1.22.5
  SwiftProtobuf: https://github.com/apple/swift-protobuf.git @ 1.27.1
  Kingfisher: https://github.com/onevcat/Kingfisher.git @ 7.12.0
  Promises: https://github.com/google/promises.git @ 2.4.0
  gRPC: https://github.com/google/grpc-binary.git @ 1.62.2
  GoogleUtilities: https://github.com/google/GoogleUtilities.git @ 7.13.3
  nanopb: https://github.com/firebase/nanopb.git @ 2.30910.0
  GTMSessionFetcher: https://github.com/google/gtm-session-fetcher.git @ 3.5.0
  AppCheck: https://github.com/google/app-check.git @ 10.19.2
  InteropForGoogle: https://github.com/google/interop-ios-for-google-sdks.git @ 100.0.0
  Firebase: https://github.com/firebase/firebase-ios-sdk @ 10.29.0
  abseil: /Users/yangqingru/Library/Developer/Xcode/DerivedData/TennisPro_Orbital-cpdyxersopfwiqdxmbtcjzxlzaez/SourcePackages/checkouts/abseil-cpp-binary
  GoogleDataTransport: https://github.com/google/GoogleDataTransport.git @ 9.4.0

Build settings for action build and target TennisPro_OrbitalTests:
    ACTION = build
    AD_HOC_CODE_SIGNING_ALLOWED = NO
    ALLOW_TARGET_PLATFORM_SPECIALIZATION = NO
    ALTERNATE_GROUP = staff
    ALTERNATE_MODE = u+w,go-w,a+rX
    ALTERNATE_OWNER = yangqingru
    ALWAYS_EMBED_SWIFT_STANDARD_LIBRARIES = YES
    ALWAYS_SEARCH_USER_PATHS = NO
    ALWAYS_USE_SEPARATE_HEADERMAPS = NO
    APPLE_INTERNAL_DEVELOPER_DIR = /AppleInternal/Developer
    APPLE_INTERNAL_DIR = /AppleInternal
    APPLE_INTERNAL_DOCUMENTATION_DIR = /AppleInternal/Documentation
    APPLE_INTERNAL_LIBRARY_DIR = /AppleInternal/Library
    APPLE_INTERNAL_TOOLS = /AppleInternal/Developer/Tools
    APPLICATION_EXTENSION_API_ONLY = NO
    APPLY_RULES_IN_COPY_FILES = NO
    APPLY_RULES_IN_COPY_HEADERS = NO
    APP_SHORTCUTS_ENABLE_FLEXIBLE_MATCHING = YES
    ARCHS = arm64
    ARCHS_STANDARD = arm64
    ARCHS_STANDARD_32_64_BIT = armv7 arm64
    ARCHS_STANDARD_32_BIT = armv7
    ARCHS_STANDARD_64_BIT = arm64
    ARCHS_STANDARD_INCLUDING_64_BIT = arm64
    ARCHS_UNIVERSAL_IPHONE_OS = armv7 arm64
    ASSETCATALOG_COMPILER_GENERATE_SWIFT_ASSET_SYMBOL_EXTENSIONS = YES
    AUTOMATICALLY_MERGE_DEPENDENCIES = NO
    AVAILABLE_PLATFORMS = appletvos appletvsimulator driverkit iphoneos iphonesimulator macosx watchos watchsimulator
    BITCODE_GENERATION_MODE = marker
    BUILD_ACTIVE_RESOURCES_ONLY = NO
    BUILD_COMPONENTS = headers build
    BUILD_DIR = /Users/yangqingru/Library/Developer/Xcode/DerivedData/TennisPro_Orbital-gniskhkqgoqmycdsgrcsmfxzbfjk/Build/Products
    BUILD_LIBRARY_FOR_DISTRIBUTION = NO
    BUILD_ROOT = /Users/yangqingru/Library/Developer/Xcode/DerivedData/TennisPro_Orbital-gniskhkqgoqmycdsgrcsmfxzbfjk/Build/Products
    BUILD_STYLE = 
    BUILD_VARIANTS = normal
    BUILT_PRODUCTS_DIR = /Users/yangqingru/Library/Developer/Xcode/DerivedData/TennisPro_Orbital-gniskhkqgoqmycdsgrcsmfxzbfjk/Build/Products/Debug-iphoneos
    BUNDLE_CONTENTS_FOLDER_PATH_deep = Contents/
    BUNDLE_EXECUTABLE_FOLDER_NAME_deep = MacOS
    BUNDLE_EXTENSIONS_FOLDER_PATH = Extensions
    BUNDLE_FORMAT = shallow
    BUNDLE_FRAMEWORKS_FOLDER_PATH = Frameworks
    BUNDLE_LOADER = /Users/yangqingru/Library/Developer/Xcode/DerivedData/TennisPro_Orbital-gniskhkqgoqmycdsgrcsmfxzbfjk/Build/Products/Debug-iphoneos/TennisPro_Orbital.app/TennisPro_Orbital
    BUNDLE_PLUGINS_FOLDER_PATH = PlugIns
    BUNDLE_PRIVATE_HEADERS_FOLDER_PATH = PrivateHeaders
    BUNDLE_PUBLIC_HEADERS_FOLDER_PATH = Headers
    CACHE_ROOT = /var/folders/bz/3vdjbx992752jfw8jj9htdhm0000gn/C/com.apple.DeveloperTools/15.1-15C65/Xcode
    CCHROOT = /var/folders/bz/3vdjbx992752jfw8jj9htdhm0000gn/C/com.apple.DeveloperTools/15.1-15C65/Xcode
    CHMOD = /bin/chmod
    CHOWN = /usr/sbin/chown
    CLANG_ANALYZER_NONNULL = YES
    CLANG_ANALYZER_NUMBER_OBJECT_CONVERSION = YES_AGGRESSIVE
    CLANG_CXX_LANGUAGE_STANDARD = gnu++20
    CLANG_ENABLE_EXPLICIT_MODULES = NO
    CLANG_ENABLE_MODULES = YES
    CLANG_ENABLE_OBJC_ARC = YES
    CLANG_ENABLE_OBJC_WEAK = YES
    CLANG_WARN_BLOCK_CAPTURE_AUTORELEASING = YES
    CLANG_WARN_BOOL_CONVERSION = YES
    CLANG_WARN_COMMA = YES
    CLANG_WARN_CONSTANT_CONVERSION = YES
    CLANG_WARN_DEPRECATED_OBJC_IMPLEMENTATIONS = YES
    CLANG_WARN_DIRECT_OBJC_ISA_USAGE = YES_ERROR
    CLANG_WARN_DOCUMENTATION_COMMENTS = YES
    CLANG_WARN_EMPTY_BODY = YES
    CLANG_WARN_ENUM_CONVERSION = YES
    CLANG_WARN_INFINITE_RECURSION = YES
    CLANG_WARN_INT_CONVERSION = YES
    CLANG_WARN_NON_LITERAL_NULL_CONVERSION = YES
    CLANG_WARN_OBJC_IMPLICIT_RETAIN_SELF = YES
    CLANG_WARN_OBJC_LITERAL_CONVERSION = YES
    CLANG_WARN_OBJC_ROOT_CLASS = YES_ERROR
    CLANG_WARN_QUOTED_INCLUDE_IN_FRAMEWORK_HEADER = NO
    CLANG_WARN_RANGE_LOOP_ANALYSIS = YES
    CLANG_WARN_STRICT_PROTOTYPES = YES
    CLANG_WARN_SUSPICIOUS_MOVE = YES
    CLANG_WARN_UNGUARDED_AVAILABILITY = YES_AGGRESSIVE
    CLANG_WARN_UNREACHABLE_CODE = YES
    CLANG_WARN__DUPLICATE_METHOD_MATCH = YES
    CLASS_FILE_DIR = /Users/yangqingru/Library/Developer/Xcode/DerivedData/TennisPro_Orbital-gniskhkqgoqmycdsgrcsmfxzbfjk/Build/Intermediates.noindex/TennisPro_Orbital.build/Debug-iphoneos/TennisPro_OrbitalTests.build/JavaClasses
    CLEAN_PRECOMPS = YES
    CLONE_HEADERS = NO
    CODESIGNING_FOLDER_PATH = /Users/yangqingru/Library/Developer/Xcode/DerivedData/TennisPro_Orbital-gniskhkqgoqmycdsgrcsmfxzbfjk/Build/Products/Debug-iphoneos/TennisPro_Orbital.app/PlugIns/TennisPro_OrbitalTests.xctest
    CODE_SIGNING_ALLOWED = YES
    CODE_SIGNING_REQUIRED = YES
    CODE_SIGN_CONTEXT_CLASS = XCiPhoneOSCodeSignContext
    CODE_SIGN_IDENTITY = Apple Development
    CODE_SIGN_INJECT_BASE_ENTITLEMENTS = YES
    CODE_SIGN_STYLE = Automatic
    COLOR_DIAGNOSTICS = NO
    COMBINE_HIDPI_IMAGES = NO
    COMPILER_INDEX_STORE_ENABLE = Default
    COMPOSITE_SDK_DIRS = /Users/yangqingru/Library/Developer/Xcode/DerivedData/TennisPro_Orbital-gniskhkqgoqmycdsgrcsmfxzbfjk/Build/Intermediates.noindex/CompositeSDKs
    COMPRESS_PNG_FILES = YES
    CONFIGURATION = Debug
    CONFIGURATION_BUILD_DIR = /Users/yangqingru/Library/Developer/Xcode/DerivedData/TennisPro_Orbital-gniskhkqgoqmycdsgrcsmfxzbfjk/Build/Products/Debug-iphoneos
    CONFIGURATION_TEMP_DIR = /Users/yangqingru/Library/Developer/Xcode/DerivedData/TennisPro_Orbital-gniskhkqgoqmycdsgrcsmfxzbfjk/Build/Intermediates.noindex/TennisPro_Orbital.build/Debug-iphoneos
    CONTENTS_FOLDER_PATH = TennisPro_OrbitalTests.xctest
    CONTENTS_FOLDER_PATH_SHALLOW_BUNDLE_NO = TennisPro_OrbitalTests.xctest/Contents
    CONTENTS_FOLDER_PATH_SHALLOW_BUNDLE_YES = TennisPro_OrbitalTests.xctest
    COPYING_PRESERVES_HFS_DATA = NO
    COPY_HEADERS_RUN_UNIFDEF = NO
    COPY_PHASE_STRIP = NO
    CORRESPONDING_SIMULATOR_PLATFORM_DIR = /Applications/Xcode.app/Contents/Developer/Platforms/iPhoneSimulator.platform
    CORRESPONDING_SIMULATOR_PLATFORM_NAME = iphonesimulator
    CORRESPONDING_SIMULATOR_SDK_DIR = /Applications/Xcode.app/Contents/Developer/Platforms/iPhoneSimulator.platform/Developer/SDKs/iPhoneSimulator17.2.sdk
    CORRESPONDING_SIMULATOR_SDK_NAME = iphonesimulator17.2
    CP = /bin/cp
    CREATE_INFOPLIST_SECTION_IN_BINARY = NO
    CURRENT_ARCH = arm64
    CURRENT_PROJECT_VERSION = 1
    CURRENT_VARIANT = normal
    DEAD_CODE_STRIPPING = YES
    DEBUGGING_SYMBOLS = YES
    DEBUG_INFORMATION_FORMAT = dwarf-with-dsym
    DEFAULT_COMPILER = com.apple.compilers.llvm.clang.1_0
    DEFAULT_DEXT_INSTALL_PATH = /System/Library/DriverExtensions
    DEFAULT_KEXT_INSTALL_PATH = /System/Library/Extensions
    DEFINES_MODULE = NO
    DEPLOYMENT_LOCATION = NO
    DEPLOYMENT_POSTPROCESSING = NO
    DEPLOYMENT_TARGET_SETTING_NAME = IPHONEOS_DEPLOYMENT_TARGET
    DEPLOYMENT_TARGET_SUGGESTED_VALUES = 12.0 12.1 12.2 12.3 12.4 13.0 13.1 13.2 13.3 13.4 13.5 13.6 14.0 14.1 14.2 14.3 14.4 14.5 14.6 14.7 15.0 15.1 15.2 15.3 15.4 15.5 15.6 16.0 16.1 16.2 16.3 16.4 16.5 16.6 17.0 17.1 17.2
    DERIVED_FILES_DIR = /Users/yangqingru/Library/Developer/Xcode/DerivedData/TennisPro_Orbital-gniskhkqgoqmycdsgrcsmfxzbfjk/Build/Intermediates.noindex/TennisPro_Orbital.build/Debug-iphoneos/TennisPro_OrbitalTests.build/DerivedSources
    DERIVED_FILE_DIR = /Users/yangqingru/Library/Developer/Xcode/DerivedData/TennisPro_Orbital-gniskhkqgoqmycdsgrcsmfxzbfjk/Build/Intermediates.noindex/TennisPro_Orbital.build/Debug-iphoneos/TennisPro_OrbitalTests.build/DerivedSources
    DERIVED_SOURCES_DIR = /Users/yangqingru/Library/Developer/Xcode/DerivedData/TennisPro_Orbital-gniskhkqgoqmycdsgrcsmfxzbfjk/Build/Intermediates.noindex/TennisPro_Orbital.build/Debug-iphoneos/TennisPro_OrbitalTests.build/DerivedSources
    DEVELOPER_APPLICATIONS_DIR = /Applications/Xcode.app/Contents/Developer/Applications
    DEVELOPER_BIN_DIR = /Applications/Xcode.app/Contents/Developer/usr/bin
    DEVELOPER_DIR = /Applications/Xcode.app/Contents/Developer
    DEVELOPER_FRAMEWORKS_DIR = /Applications/Xcode.app/Contents/Developer/Library/Frameworks
    DEVELOPER_FRAMEWORKS_DIR_QUOTED = /Applications/Xcode.app/Contents/Developer/Library/Frameworks
    DEVELOPER_LIBRARY_DIR = /Applications/Xcode.app/Contents/Developer/Library
    DEVELOPER_SDK_DIR = /Applications/Xcode.app/Contents/Developer/Platforms/MacOSX.platform/Developer/SDKs
    DEVELOPER_TOOLS_DIR = /Applications/Xcode.app/Contents/Developer/Tools
    DEVELOPER_USR_DIR = /Applications/Xcode.app/Contents/Developer/usr
    DEVELOPMENT_LANGUAGE = en
    DIFF = /usr/bin/diff
    DOCUMENTATION_FOLDER_PATH = TennisPro_OrbitalTests.xctest/en.lproj/Documentation
    DONT_GENERATE_INFOPLIST_FILE = NO
    DO_HEADER_SCANNING_IN_JAM = NO
    DSTROOT = /tmp/TennisPro_Orbital.dst
    DT_TOOLCHAIN_DIR = /Applications/Xcode.app/Contents/Developer/Toolchains/XcodeDefault.xctoolchain
    DWARF_DSYM_FILE_NAME = TennisPro_OrbitalTests.xctest.dSYM
    DWARF_DSYM_FILE_SHOULD_ACCOMPANY_PRODUCT = NO
    DWARF_DSYM_FOLDER_PATH = /Users/yangqingru/Library/Developer/Xcode/DerivedData/TennisPro_Orbital-gniskhkqgoqmycdsgrcsmfxzbfjk/Build/Products/Debug-iphoneos/TennisPro_Orbital.app/PlugIns
    EAGER_LINKING = NO
    EFFECTIVE_PLATFORM_NAME = -iphoneos
    EMBEDDED_CONTENT_CONTAINS_SWIFT = NO
    EMBED_ASSET_PACKS_IN_PRODUCT_BUNDLE = NO
    ENABLE_APP_SANDBOX = NO
    ENABLE_BITCODE = NO
    ENABLE_CODE_COVERAGE = YES
    ENABLE_DEFAULT_HEADER_SEARCH_PATHS = YES
    ENABLE_DEFAULT_SEARCH_PATHS = YES
    ENABLE_HARDENED_RUNTIME = NO
    ENABLE_HEADER_DEPENDENCIES = YES
    ENABLE_ON_DEMAND_RESOURCES = NO
    ENABLE_STRICT_OBJC_MSGSEND = YES
    ENABLE_TESTABILITY = YES
    ENABLE_TESTING_SEARCH_PATHS = YES
    ENABLE_USER_SCRIPT_SANDBOXING = NO
    ENTITLEMENTS_DESTINATION = Signature
    ENTITLEMENTS_REQUIRED = NO
    EXCLUDED_INSTALLSRC_SUBDIRECTORY_PATTERNS = .DS_Store .svn .git .hg CVS
    EXCLUDED_RECURSIVE_SEARCH_PATH_SUBDIRECTORIES = *.nib *.lproj *.framework *.gch *.xcode* *.xcassets (*) .DS_Store CVS .svn .git .hg *.pbproj *.pbxproj
    EXECUTABLES_FOLDER_PATH = TennisPro_OrbitalTests.xctest/Executables
    EXECUTABLE_FOLDER_PATH = TennisPro_OrbitalTests.xctest
    EXECUTABLE_FOLDER_PATH_SHALLOW_BUNDLE_NO = TennisPro_OrbitalTests.xctest/MacOS
    EXECUTABLE_FOLDER_PATH_SHALLOW_BUNDLE_YES = TennisPro_OrbitalTests.xctest
    EXECUTABLE_NAME = TennisPro_OrbitalTests
    EXECUTABLE_PATH = TennisPro_OrbitalTests.xctest/TennisPro_OrbitalTests
    EXPANDED_CODE_SIGN_IDENTITY = 
    EXPANDED_CODE_SIGN_IDENTITY_NAME = 
    EXPANDED_PROVISIONING_PROFILE = 
    EXTENSIONS_FOLDER_PATH = TennisPro_OrbitalTests.xctest/Extensions
    FILE_LIST = /Users/yangqingru/Library/Developer/Xcode/DerivedData/TennisPro_Orbital-gniskhkqgoqmycdsgrcsmfxzbfjk/Build/Intermediates.noindex/TennisPro_Orbital.build/Debug-iphoneos/TennisPro_OrbitalTests.build/Objects/LinkFileList
    FIXED_FILES_DIR = /Users/yangqingru/Library/Developer/Xcode/DerivedData/TennisPro_Orbital-gniskhkqgoqmycdsgrcsmfxzbfjk/Build/Intermediates.noindex/TennisPro_Orbital.build/Debug-iphoneos/TennisPro_OrbitalTests.build/FixedFiles
    FRAMEWORKS_FOLDER_PATH = TennisPro_OrbitalTests.xctest/Frameworks
    FRAMEWORK_FLAG_PREFIX = -framework
    FRAMEWORK_SEARCH_PATHS =  "/Users/yangqingru/Library/Developer/Xcode/DerivedData/TennisPro_Orbital-gniskhkqgoqmycdsgrcsmfxzbfjk/Build/Products/Debug-iphoneos/GTMSessionFetcher" "/Users/yangqingru/Library/Developer/Xcode/DerivedData/TennisPro_Orbital-gniskhkqgoqmycdsgrcsmfxzbfjk/Build/Products/Debug-iphoneos/GoogleDataTransport" "/Users/yangqingru/Library/Developer/Xcode/DerivedData/TennisPro_Orbital-gniskhkqgoqmycdsgrcsmfxzbfjk/Build/Products/Debug-iphoneos/GoogleToolboxForMac" "/Users/yangqingru/Library/Developer/Xcode/DerivedData/TennisPro_Orbital-gniskhkqgoqmycdsgrcsmfxzbfjk/Build/Products/Debug-iphoneos/GoogleUtilities" "/Users/yangqingru/Library/Developer/Xcode/DerivedData/TennisPro_Orbital-gniskhkqgoqmycdsgrcsmfxzbfjk/Build/Products/Debug-iphoneos/GoogleUtilitiesComponents" "/Users/yangqingru/Library/Developer/Xcode/DerivedData/TennisPro_Orbital-gniskhkqgoqmycdsgrcsmfxzbfjk/Build/Products/Debug-iphoneos/PromisesObjC" "/Users/yangqingru/Library/Developer/Xcode/DerivedData/TennisPro_Orbital-gniskhkqgoqmycdsgrcsmfxzbfjk/Build/Products/Debug-iphoneos/Protobuf" "/Users/yangqingru/Library/Developer/Xcode/DerivedData/TennisPro_Orbital-gniskhkqgoqmycdsgrcsmfxzbfjk/Build/Products/Debug-iphoneos/nanopb" "/Users/yangqingru/Documents/orbital/orbital_v6/TennisPro_Orbital/Pods/MLImage/Frameworks" "/Users/yangqingru/Documents/orbital/orbital_v6/TennisPro_Orbital/Pods/MLKitCommon/Frameworks" "/Users/yangqingru/Documents/orbital/orbital_v6/TennisPro_Orbital/Pods/MLKitPoseDetection/Frameworks" "/Users/yangqingru/Documents/orbital/orbital_v6/TennisPro_Orbital/Pods/MLKitPoseDetectionCommon/Frameworks" "/Users/yangqingru/Documents/orbital/orbital_v6/TennisPro_Orbital/Pods/MLKitVision/Frameworks" "/Users/yangqingru/Documents/orbital/orbital_v6/TennisPro_Orbital/Pods/MLKitXenoCommon/Frameworks" "/Users/yangqingru/Library/Developer/Xcode/DerivedData/TennisPro_Orbital-gniskhkqgoqmycdsgrcsmfxzbfjk/Build/Products/Debug-iphoneos/GTMSessionFetcher" "/Users/yangqingru/Library/Developer/Xcode/DerivedData/TennisPro_Orbital-gniskhkqgoqmycdsgrcsmfxzbfjk/Build/Products/Debug-iphoneos/GoogleDataTransport" "/Users/yangqingru/Library/Developer/Xcode/DerivedData/TennisPro_Orbital-gniskhkqgoqmycdsgrcsmfxzbfjk/Build/Products/Debug-iphoneos/GoogleToolboxForMac" "/Users/yangqingru/Library/Developer/Xcode/DerivedData/TennisPro_Orbital-gniskhkqgoqmycdsgrcsmfxzbfjk/Build/Products/Debug-iphoneos/GoogleUtilities" "/Users/yangqingru/Library/Developer/Xcode/DerivedData/TennisPro_Orbital-gniskhkqgoqmycdsgrcsmfxzbfjk/Build/Products/Debug-iphoneos/GoogleUtilitiesComponents" "/Users/yangqingru/Library/Developer/Xcode/DerivedData/TennisPro_Orbital-gniskhkqgoqmycdsgrcsmfxzbfjk/Build/Products/Debug-iphoneos/PromisesObjC" "/Users/yangqingru/Library/Developer/Xcode/DerivedData/TennisPro_Orbital-gniskhkqgoqmycdsgrcsmfxzbfjk/Build/Products/Debug-iphoneos/Protobuf" "/Users/yangqingru/Library/Developer/Xcode/DerivedData/TennisPro_Orbital-gniskhkqgoqmycdsgrcsmfxzbfjk/Build/Products/Debug-iphoneos/nanopb" "/Users/yangqingru/Documents/orbital/orbital_v6/TennisPro_Orbital/Pods/MLImage/Frameworks" "/Users/yangqingru/Documents/orbital/orbital_v6/TennisPro_Orbital/Pods/MLKitCommon/Frameworks" "/Users/yangqingru/Documents/orbital/orbital_v6/TennisPro_Orbital/Pods/MLKitPoseDetection/Frameworks" "/Users/yangqingru/Documents/orbital/orbital_v6/TennisPro_Orbital/Pods/MLKitPoseDetectionCommon/Frameworks" "/Users/yangqingru/Documents/orbital/orbital_v6/TennisPro_Orbital/Pods/MLKitVision/Frameworks" "/Users/yangqingru/Documents/orbital/orbital_v6/TennisPro_Orbital/Pods/MLKitXenoCommon/Frameworks" "/Users/yangqingru/Library/Developer/Xcode/DerivedData/TennisPro_Orbital-gniskhkqgoqmycdsgrcsmfxzbfjk/Build/Products/Debug-iphoneos/abseil" /Users/yangqingru/Library/Developer/Xcode/DerivedData/TennisPro_Orbital-gniskhkqgoqmycdsgrcsmfxzbfjk/Build/Products/Debug-iphoneos/absl.framework /Users/yangqingru/Library/Developer/Xcode/DerivedData/TennisPro_Orbital-gniskhkqgoqmycdsgrcsmfxzbfjk/Build/Products/Debug-iphoneos
    FRAMEWORK_VERSION = A
    FULL_PRODUCT_NAME = TennisPro_OrbitalTests.xctest
    FUSE_BUILD_PHASES = YES
    FUSE_BUILD_SCRIPT_PHASES = NO
    GCC3_VERSION = 3.3
    GCC_C_LANGUAGE_STANDARD = gnu17
    GCC_DYNAMIC_NO_PIC = NO
    GCC_INLINES_ARE_PRIVATE_EXTERN = YES
    GCC_NO_COMMON_BLOCKS = YES
    GCC_OPTIMIZATION_LEVEL = 0
    GCC_PFE_FILE_C_DIALECTS = c objective-c c++ objective-c++
    GCC_PREPROCESSOR_DEFINITIONS = DEBUG=1  COCOAPODS=1 DEBUG=1  GPB_USE_PROTOBUF_FRAMEWORK_IMPORTS=1 DEBUG=1  PB_FIELD_32BIT=1 PB_NO_PACKED_STRUCTS=1 PB_ENABLE_MALLOC=1
    GCC_THUMB_SUPPORT = YES
    GCC_TREAT_WARNINGS_AS_ERRORS = NO
    GCC_VERSION = com.apple.compilers.llvm.clang.1_0
    GCC_VERSION_IDENTIFIER = com_apple_compilers_llvm_clang_1_0
    GCC_WARN_64_TO_32_BIT_CONVERSION = YES
    GCC_WARN_ABOUT_RETURN_TYPE = YES_ERROR
    GCC_WARN_UNDECLARED_SELECTOR = YES
    GCC_WARN_UNINITIALIZED_AUTOS = YES_AGGRESSIVE
    GCC_WARN_UNUSED_FUNCTION = YES
    GCC_WARN_UNUSED_VARIABLE = YES
    GENERATED_MODULEMAP_DIR = /Users/yangqingru/Library/Developer/Xcode/DerivedData/TennisPro_Orbital-gniskhkqgoqmycdsgrcsmfxzbfjk/Build/Intermediates.noindex/GeneratedModuleMaps-iphoneos
    GENERATE_INFOPLIST_FILE = YES
    GENERATE_INTERMEDIATE_TEXT_BASED_STUBS = YES
    GENERATE_MASTER_OBJECT_FILE = NO
    GENERATE_PKGINFO_FILE = NO
    GENERATE_PROFILING_CODE = NO
    GENERATE_TEXT_BASED_STUBS = NO
    GID = 20
    GROUP = staff
    HEADERMAP_INCLUDES_FLAT_ENTRIES_FOR_TARGET_BEING_BUILT = YES
    HEADERMAP_INCLUDES_FRAMEWORK_ENTRIES_FOR_ALL_PRODUCT_TYPES = YES
    HEADERMAP_INCLUDES_NONPUBLIC_NONPRIVATE_HEADERS = YES
    HEADERMAP_INCLUDES_PROJECT_HEADERS = YES
    HEADERMAP_USES_FRAMEWORK_PREFIX_ENTRIES = YES
    HEADERMAP_USES_VFS = NO
    HEADER_SEARCH_PATHS =  "/Users/yangqingru/Library/Developer/Xcode/DerivedData/TennisPro_Orbital-gniskhkqgoqmycdsgrcsmfxzbfjk/Build/Products/Debug-iphoneos/GTMSessionFetcher/GTMSessionFetcher.framework/Headers" "/Users/yangqingru/Library/Developer/Xcode/DerivedData/TennisPro_Orbital-gniskhkqgoqmycdsgrcsmfxzbfjk/Build/Products/Debug-iphoneos/GoogleDataTransport/GoogleDataTransport.framework/Headers" "/Users/yangqingru/Library/Developer/Xcode/DerivedData/TennisPro_Orbital-gniskhkqgoqmycdsgrcsmfxzbfjk/Build/Products/Debug-iphoneos/GoogleToolboxForMac/GoogleToolboxForMac.framework/Headers" "/Users/yangqingru/Library/Developer/Xcode/DerivedData/TennisPro_Orbital-gniskhkqgoqmycdsgrcsmfxzbfjk/Build/Products/Debug-iphoneos/GoogleUtilities/GoogleUtilities.framework/Headers" "/Users/yangqingru/Library/Developer/Xcode/DerivedData/TennisPro_Orbital-gniskhkqgoqmycdsgrcsmfxzbfjk/Build/Products/Debug-iphoneos/GoogleUtilitiesComponents/GoogleUtilitiesComponents.framework/Headers" "/Users/yangqingru/Library/Developer/Xcode/DerivedData/TennisPro_Orbital-gniskhkqgoqmycdsgrcsmfxzbfjk/Build/Products/Debug-iphoneos/PromisesObjC/FBLPromises.framework/Headers" "/Users/yangqingru/Library/Developer/Xcode/DerivedData/TennisPro_Orbital-gniskhkqgoqmycdsgrcsmfxzbfjk/Build/Products/Debug-iphoneos/Protobuf/Protobuf.framework/Headers" "/Users/yangqingru/Library/Developer/Xcode/DerivedData/TennisPro_Orbital-gniskhkqgoqmycdsgrcsmfxzbfjk/Build/Products/Debug-iphoneos/nanopb/nanopb.framework/Headers" "/Users/yangqingru/Documents/orbital/orbital_v6/TennisPro_Orbital/Pods/Headers/Public" "/Users/yangqingru/Documents/orbital/orbital_v6/TennisPro_Orbital/Pods/Headers/Public/GoogleMLKit"  /Users/yangqingru/Documents/orbital/orbital_v6/TennisPro_Orbital/Pods/GoogleMLKit/MLKitCore/Sources "/Users/yangqingru/Library/Developer/Xcode/DerivedData/TennisPro_Orbital-gniskhkqgoqmycdsgrcsmfxzbfjk/Build/Products/Debug-iphoneos/GTMSessionFetcher/GTMSessionFetcher.framework/Headers" "/Users/yangqingru/Library/Developer/Xcode/DerivedData/TennisPro_Orbital-gniskhkqgoqmycdsgrcsmfxzbfjk/Build/Products/Debug-iphoneos/GoogleDataTransport/GoogleDataTransport.framework/Headers" "/Users/yangqingru/Library/Developer/Xcode/DerivedData/TennisPro_Orbital-gniskhkqgoqmycdsgrcsmfxzbfjk/Build/Products/Debug-iphoneos/GoogleToolboxForMac/GoogleToolboxForMac.framework/Headers" "/Users/yangqingru/Library/Developer/Xcode/DerivedData/TennisPro_Orbital-gniskhkqgoqmycdsgrcsmfxzbfjk/Build/Products/Debug-iphoneos/GoogleUtilities/GoogleUtilities.framework/Headers" "/Users/yangqingru/Library/Developer/Xcode/DerivedData/TennisPro_Orbital-gniskhkqgoqmycdsgrcsmfxzbfjk/Build/Products/Debug-iphoneos/GoogleUtilitiesComponents/GoogleUtilitiesComponents.framework/Headers" "/Users/yangqingru/Library/Developer/Xcode/DerivedData/TennisPro_Orbital-gniskhkqgoqmycdsgrcsmfxzbfjk/Build/Products/Debug-iphoneos/PromisesObjC/FBLPromises.framework/Headers" "/Users/yangqingru/Library/Developer/Xcode/DerivedData/TennisPro_Orbital-gniskhkqgoqmycdsgrcsmfxzbfjk/Build/Products/Debug-iphoneos/Protobuf/Protobuf.framework/Headers" "/Users/yangqingru/Library/Developer/Xcode/DerivedData/TennisPro_Orbital-gniskhkqgoqmycdsgrcsmfxzbfjk/Build/Products/Debug-iphoneos/nanopb/nanopb.framework/Headers" "/Users/yangqingru/Documents/orbital/orbital_v6/TennisPro_Orbital/Pods/Headers/Public" "/Users/yangqingru/Documents/orbital/orbital_v6/TennisPro_Orbital/Pods/Headers/Public/GoogleMLKit"  "/Users/yangqingru/Library/Developer/Xcode/DerivedData/TennisPro_Orbital-gniskhkqgoqmycdsgrcsmfxzbfjk/Build/Products/Debug-iphoneos/GTMSessionFetcher/GTMSessionFetcher.framework/Headers" "/Users/yangqingru/Library/Developer/Xcode/DerivedData/TennisPro_Orbital-gniskhkqgoqmycdsgrcsmfxzbfjk/Build/Products/Debug-iphoneos/GoogleDataTransport/GoogleDataTransport.framework/Headers" "/Users/yangqingru/Library/Developer/Xcode/DerivedData/TennisPro_Orbital-gniskhkqgoqmycdsgrcsmfxzbfjk/Build/Products/Debug-iphoneos/GoogleToolboxForMac/GoogleToolboxForMac.framework/Headers" "/Users/yangqingru/Library/Developer/Xcode/DerivedData/TennisPro_Orbital-gniskhkqgoqmycdsgrcsmfxzbfjk/Build/Products/Debug-iphoneos/GoogleUtilities/GoogleUtilities.framework/Headers" "/Users/yangqingru/Library/Developer/Xcode/DerivedData/TennisPro_Orbital-gniskhkqgoqmycdsgrcsmfxzbfjk/Build/Products/Debug-iphoneos/GoogleUtilitiesComponents/GoogleUtilitiesComponents.framework/Headers" "/Users/yangqingru/Library/Developer/Xcode/DerivedData/TennisPro_Orbital-gniskhkqgoqmycdsgrcsmfxzbfjk/Build/Products/Debug-iphoneos/PromisesObjC/FBLPromises.framework/Headers" "/Users/yangqingru/Library/Developer/Xcode/DerivedData/TennisPro_Orbital-gniskhkqgoqmycdsgrcsmfxzbfjk/Build/Products/Debug-iphoneos/Protobuf/Protobuf.framework/Headers" "/Users/yangqingru/Library/Developer/Xcode/DerivedData/TennisPro_Orbital-gniskhkqgoqmycdsgrcsmfxzbfjk/Build/Products/Debug-iphoneos/nanopb/nanopb.framework/Headers" "/Users/yangqingru/Documents/orbital/orbital_v6/TennisPro_Orbital/Pods/Headers/Public" "/Users/yangqingru/Documents/orbital/orbital_v6/TennisPro_Orbital/Pods/Headers/Public/GoogleMLKit"  /Users/yangqingru/Documents/orbital/orbital_v6/TennisPro_Orbital/Pods/GoogleMLKit/MLKitCore/Sources /Users/yangqingru/Documents/orbital/orbital_v6/TennisPro_Orbital/Pods/GoogleMLKit/MLKitCore/Sources /Users/yangqingru/Library/Developer/Xcode/DerivedData/TennisPro_Orbital-gniskhkqgoqmycdsgrcsmfxzbfjk/Build/Products/Debug-iphoneos/absl.framework/Headers
    HIDE_BITCODE_SYMBOLS = YES
    HOME = /Users/yangqingru
    HOST_ARCH = arm64e
    ICONV = /usr/bin/iconv
    INFOPLIST_ENABLE_CFBUNDLEICONS_MERGE = YES
    INFOPLIST_EXPAND_BUILD_SETTINGS = YES
    INFOPLIST_OUTPUT_FORMAT = binary
    INFOPLIST_PATH = TennisPro_OrbitalTests.xctest/Info.plist
    INFOPLIST_PREPROCESS = NO
    INFOSTRINGS_PATH = TennisPro_OrbitalTests.xctest/en.lproj/InfoPlist.strings
    INLINE_PRIVATE_FRAMEWORKS = NO
    INSTALLHDRS_COPY_PHASE = NO
    INSTALLHDRS_SCRIPT_PHASE = NO
    INSTALL_DIR = /tmp/TennisPro_Orbital.dst
    INSTALL_GROUP = staff
    INSTALL_MODE_FLAG = u+w,go-w,a+rX
    INSTALL_OWNER = yangqingru
    INSTALL_ROOT = /tmp/TennisPro_Orbital.dst
    IPHONEOS_DEPLOYMENT_TARGET = 17.4
    JAVAC_DEFAULT_FLAGS = -J-Xms64m -J-XX:NewSize=4M -J-Dfile.encoding=UTF8
    JAVA_APP_STUB = /System/Library/Frameworks/JavaVM.framework/Resources/MacOS/JavaApplicationStub
    JAVA_ARCHIVE_CLASSES = YES
    JAVA_ARCHIVE_TYPE = JAR
    JAVA_COMPILER = /usr/bin/javac
    JAVA_FOLDER_PATH = TennisPro_OrbitalTests.xctest/Java
    JAVA_FRAMEWORK_RESOURCES_DIRS = Resources
    JAVA_JAR_FLAGS = cv
    JAVA_SOURCE_SUBDIR = .
    JAVA_USE_DEPENDENCIES = YES
    JAVA_ZIP_FLAGS = -urg
    JIKES_DEFAULT_FLAGS = +E +OLDCSO
    KASAN_CFLAGS_CLASSIC = -DKASAN=1 -DKASAN_CLASSIC=1 -fsanitize=address -mllvm -asan-globals-live-support -mllvm -asan-force-dynamic-shadow
    KASAN_CFLAGS_TBI = -DKASAN=1 -DKASAN_TBI=1 -fsanitize=kernel-hwaddress -mllvm -hwasan-recover=0 -mllvm -hwasan-instrument-atomics=0 -mllvm -hwasan-instrument-stack=1 -mllvm -hwasan-generate-tags-with-calls=1 -mllvm -hwasan-instrument-with-calls=1 -mllvm -hwasan-use-short-granules=0 -mllvm -hwasan-memory-access-callback-prefix=__asan_
    KASAN_DEFAULT_CFLAGS = -DKASAN=1 -DKASAN_CLASSIC=1 -fsanitize=address -mllvm -asan-globals-live-support -mllvm -asan-force-dynamic-shadow
    KEEP_PRIVATE_EXTERNS = NO
    LD_DEPENDENCY_INFO_FILE = /Users/yangqingru/Library/Developer/Xcode/DerivedData/TennisPro_Orbital-gniskhkqgoqmycdsgrcsmfxzbfjk/Build/Intermediates.noindex/TennisPro_Orbital.build/Debug-iphoneos/TennisPro_OrbitalTests.build/Objects-normal/arm64/TennisPro_OrbitalTests_dependency_info.dat
    LD_EXPORT_SYMBOLS = YES
    LD_GENERATE_MAP_FILE = NO
    LD_MAP_FILE_PATH = /Users/yangqingru/Library/Developer/Xcode/DerivedData/TennisPro_Orbital-gniskhkqgoqmycdsgrcsmfxzbfjk/Build/Intermediates.noindex/TennisPro_Orbital.build/Debug-iphoneos/TennisPro_OrbitalTests.build/TennisPro_OrbitalTests-LinkMap-normal-arm64.txt
    LD_NO_PIE = NO
    LD_QUOTE_LINKER_ARGUMENTS_FOR_COMPILER_DRIVER = YES
    LD_RUNPATH_SEARCH_PATHS =  @loader_path/Frameworks /usr/lib/swift "/Applications/Xcode.app/Contents/Developer/Platforms/iPhoneOS.platform/Developer/Library/Frameworks" '@executable_path/Frameworks' '@loader_path/Frameworks'
    LD_RUNPATH_SEARCH_PATHS_SHALLOW_BUNDLE_NO = @loader_path/../Frameworks
    LD_RUNPATH_SEARCH_PATHS_SHALLOW_BUNDLE_YES = @loader_path/Frameworks
    LEGACY_DEVELOPER_DIR = /Applications/Xcode.app/Contents/Frameworks/Xcode3Core.framework/SharedSupport/Developer
    LEX = lex
    LIBRARY_DEXT_INSTALL_PATH = /Library/DriverExtensions
    LIBRARY_FLAG_NOSPACE = YES
    LIBRARY_FLAG_PREFIX = -l
    LIBRARY_KEXT_INSTALL_PATH = /Library/Extensions
    LIBRARY_SEARCH_PATHS =   /Applications/Xcode.app/Contents/Developer/Platforms/iPhoneOS.platform/Developer/usr/lib
    LINKER_DISPLAYS_MANGLED_NAMES = NO
    LINK_FILE_LIST_normal_arm64 = 
    LINK_WITH_STANDARD_LIBRARIES = YES
    LLVM_TARGET_TRIPLE_OS_VERSION = ios17.4
    LLVM_TARGET_TRIPLE_VENDOR = apple
    LOCALIZABLE_CONTENT_DIR = 
    LOCALIZATION_EXPORT_SUPPORTED = YES
    LOCALIZATION_PREFERS_STRING_CATALOGS = YES
    LOCALIZED_RESOURCES_FOLDER_PATH = TennisPro_OrbitalTests.xctest/en.lproj
    LOCALIZED_STRING_MACRO_NAMES = NSLocalizedString CFCopyLocalizedString
    LOCALIZED_STRING_SWIFTUI_SUPPORT = YES
    LOCAL_ADMIN_APPS_DIR = /Applications/Utilities
    LOCAL_APPS_DIR = /Applications
    LOCAL_DEVELOPER_DIR = /Library/Developer
    LOCAL_LIBRARY_DIR = /Library
    LOCROOT = 
    LOCSYMROOT = 
    MACH_O_TYPE = mh_bundle
    MAC_OS_X_PRODUCT_BUILD_VERSION = 22G120
    MAC_OS_X_VERSION_ACTUAL = 130600
    MAC_OS_X_VERSION_MAJOR = 130000
    MAC_OS_X_VERSION_MINOR = 130600
    MAKE_MERGEABLE = NO
    MARKETING_VERSION = 1.0
    MERGEABLE_LIBRARY = NO
    MERGED_BINARY_TYPE = none
    MERGE_LINKED_LIBRARIES = NO
    METAL_LIBRARY_FILE_BASE = default
    METAL_LIBRARY_OUTPUT_DIR = /Users/yangqingru/Library/Developer/Xcode/DerivedData/TennisPro_Orbital-gniskhkqgoqmycdsgrcsmfxzbfjk/Build/Products/Debug-iphoneos/TennisPro_Orbital.app/PlugIns/TennisPro_OrbitalTests.xctest
    MODULES_FOLDER_PATH = TennisPro_OrbitalTests.xctest/Modules
    MODULE_CACHE_DIR = /Users/yangqingru/Library/Developer/Xcode/DerivedData/ModuleCache.noindex
    MTL_ENABLE_DEBUG_INFO = INCLUDE_SOURCE
    MTL_FAST_MATH = YES
    NATIVE_ARCH = arm64e
    NATIVE_ARCH_32_BIT = i386
    NATIVE_ARCH_64_BIT = arm64e
    NATIVE_ARCH_ACTUAL = arm64e
    NO_COMMON = YES
    OBJECT_FILE_DIR = /Users/yangqingru/Library/Developer/Xcode/DerivedData/TennisPro_Orbital-gniskhkqgoqmycdsgrcsmfxzbfjk/Build/Intermediates.noindex/TennisPro_Orbital.build/Debug-iphoneos/TennisPro_OrbitalTests.build/Objects
    OBJECT_FILE_DIR_normal = /Users/yangqingru/Library/Developer/Xcode/DerivedData/TennisPro_Orbital-gniskhkqgoqmycdsgrcsmfxzbfjk/Build/Intermediates.noindex/TennisPro_Orbital.build/Debug-iphoneos/TennisPro_OrbitalTests.build/Objects-normal
    OBJROOT = /Users/yangqingru/Library/Developer/Xcode/DerivedData/TennisPro_Orbital-gniskhkqgoqmycdsgrcsmfxzbfjk/Build/Intermediates.noindex
    ONLY_ACTIVE_ARCH = YES
    OS = MACOS
    OSAC = /usr/bin/osacompile
    OTHER_LDFLAGS =  -ObjC -l"c++" -l"sqlite3" -l"z" -framework "AVFoundation" -framework "Accelerate" -framework "CoreGraphics" -framework "CoreMedia" -framework "CoreTelephony" -framework "CoreVideo" -framework "FBLPromises" -framework "Foundation" -framework "GTMSessionFetcher" -framework "GoogleDataTransport" -framework "GoogleToolboxForMac" -framework "GoogleUtilities" -framework "LocalAuthentication" -framework "Protobuf" -framework "Security" -framework "SystemConfiguration" -framework "UIKit" -framework "nanopb"
    OTHER_SWIFT_FLAGS =  -D COCOAPODS
    PACKAGE_TYPE = com.apple.package-type.bundle.unit-test
    PASCAL_STRINGS = YES
    PATH = /Applications/Xcode.app/Contents/Developer/usr/bin:/Users/yangqingru/.amplify/bin:/opt/homebrew/opt/ruby/bin:/opt/homebrew/opt/ruby/bin:/opt/homebrew/opt/ruby/bin:/opt/homebrew/opt/ruby/bin:/opt/homebrew/opt/ruby/bin:/opt/homebrew/opt/ruby/bin:/opt/homebrew/opt/ruby/bin:/opt/homebrew/opt/ruby/bin:/Library/Frameworks/Python.framework/Versions/3.12/bin:/opt/homebrew/bin:/opt/homebrew/sbin:/usr/local/bin:/System/Cryptexes/App/usr/bin:/usr/bin:/bin:/usr/sbin:/sbin:/Library/Apple/usr/bin:/var/run/com.apple.security.cryptexd/codex.system/bootstrap/usr/local/bin:/var/run/com.apple.security.cryptexd/codex.system/bootstrap/usr/bin:/var/run/com.apple.security.cryptexd/codex.system/bootstrap/usr/appleinternal/bin
    PATH_PREFIXES_EXCLUDED_FROM_HEADER_DEPENDENCIES = /usr/include /usr/local/include /System/Library/Frameworks /System/Library/PrivateFrameworks /Applications/Xcode.app/Contents/Developer/Headers /Applications/Xcode.app/Contents/Developer/SDKs /Applications/Xcode.app/Contents/Developer/Platforms
    PBDEVELOPMENTPLIST_PATH = TennisPro_OrbitalTests.xctest/pbdevelopment.plist
    PKGINFO_FILE_PATH = /Users/yangqingru/Library/Developer/Xcode/DerivedData/TennisPro_Orbital-gniskhkqgoqmycdsgrcsmfxzbfjk/Build/Intermediates.noindex/TennisPro_Orbital.build/Debug-iphoneos/TennisPro_OrbitalTests.build/PkgInfo
    PKGINFO_PATH = TennisPro_OrbitalTests.xctest/PkgInfo
    PLATFORM_DEVELOPER_APPLICATIONS_DIR = /Applications/Xcode.app/Contents/Developer/Platforms/iPhoneOS.platform/Developer/Applications
    PLATFORM_DEVELOPER_BIN_DIR = /Applications/Xcode.app/Contents/Developer/Platforms/iPhoneOS.platform/Developer/usr/bin
    PLATFORM_DEVELOPER_LIBRARY_DIR = /Applications/Xcode.app/Contents/Frameworks/Xcode3Core.framework/SharedSupport/Developer/Library
    PLATFORM_DEVELOPER_SDK_DIR = /Applications/Xcode.app/Contents/Developer/Platforms/iPhoneOS.platform/Developer/SDKs
    PLATFORM_DEVELOPER_TOOLS_DIR = /Applications/Xcode.app/Contents/Developer/Platforms/iPhoneOS.platform/Developer/Tools
    PLATFORM_DEVELOPER_USR_DIR = /Applications/Xcode.app/Contents/Developer/Platforms/iPhoneOS.platform/Developer/usr
    PLATFORM_DIR = /Applications/Xcode.app/Contents/Developer/Platforms/iPhoneOS.platform
    PLATFORM_DISPLAY_NAME = iOS
    PLATFORM_NAME = iphoneos
    PLATFORM_PREFERRED_ARCH = undefined_arch
    PLATFORM_PRODUCT_BUILD_VERSION = 21C52
    PLIST_FILE_OUTPUT_FORMAT = binary
    PLUGINS_FOLDER_PATH = TennisPro_OrbitalTests.xctest/PlugIns
    PODS_BUILD_DIR = /Users/yangqingru/Library/Developer/Xcode/DerivedData/TennisPro_Orbital-gniskhkqgoqmycdsgrcsmfxzbfjk/Build/Products
    PODS_CONFIGURATION_BUILD_DIR = /Users/yangqingru/Library/Developer/Xcode/DerivedData/TennisPro_Orbital-gniskhkqgoqmycdsgrcsmfxzbfjk/Build/Products/Debug-iphoneos
    PODS_PODFILE_DIR_PATH = /Users/yangqingru/Documents/orbital/orbital_v6/TennisPro_Orbital/.
    PODS_ROOT = /Users/yangqingru/Documents/orbital/orbital_v6/TennisPro_Orbital/Pods
    PODS_XCFRAMEWORKS_BUILD_DIR = /Users/yangqingru/Library/Developer/Xcode/DerivedData/TennisPro_Orbital-gniskhkqgoqmycdsgrcsmfxzbfjk/Build/Products/Debug-iphoneos/XCFrameworkIntermediates
    PRECOMPS_INCLUDE_HEADERS_FROM_BUILT_PRODUCTS_DIR = YES
    PRECOMP_DESTINATION_DIR = /Users/yangqingru/Library/Developer/Xcode/DerivedData/TennisPro_Orbital-gniskhkqgoqmycdsgrcsmfxzbfjk/Build/Intermediates.noindex/TennisPro_Orbital.build/Debug-iphoneos/TennisPro_OrbitalTests.build/PrefixHeaders
    PRESERVE_DEAD_CODE_INITS_AND_TERMS = NO
    PRIVATE_HEADERS_FOLDER_PATH = TennisPro_OrbitalTests.xctest/PrivateHeaders
    PRODUCT_BUNDLE_IDENTIFIER = NUS.TennisPro-OrbitalTests
    PRODUCT_BUNDLE_PACKAGE_TYPE = BNDL
    PRODUCT_MODULE_NAME = TennisPro_OrbitalTests
    PRODUCT_NAME = TennisPro_OrbitalTests
    PRODUCT_SETTINGS_PATH = 
    PRODUCT_SPECIFIC_LDFLAGS = -framework XCTest
    PRODUCT_TYPE = com.apple.product-type.bundle.unit-test
    PRODUCT_TYPE_SWIFT_STDLIB_TOOL_FLAGS = --scan-executable "/Applications/Xcode.app/Contents/Developer/Platforms/iPhoneOS.platform/Developer/usr/lib/libXCTestSwiftSupport.dylib"
    PROFILING_CODE = NO
    PROJECT = TennisPro_Orbital
    PROJECT_DERIVED_FILE_DIR = /Users/yangqingru/Library/Developer/Xcode/DerivedData/TennisPro_Orbital-gniskhkqgoqmycdsgrcsmfxzbfjk/Build/Intermediates.noindex/TennisPro_Orbital.build/DerivedSources
    PROJECT_DIR = /Users/yangqingru/Documents/orbital/orbital_v6/TennisPro_Orbital
    PROJECT_FILE_PATH = /Users/yangqingru/Documents/orbital/orbital_v6/TennisPro_Orbital/TennisPro_Orbital.xcodeproj
    PROJECT_NAME = TennisPro_Orbital
    PROJECT_TEMP_DIR = /Users/yangqingru/Library/Developer/Xcode/DerivedData/TennisPro_Orbital-gniskhkqgoqmycdsgrcsmfxzbfjk/Build/Intermediates.noindex/TennisPro_Orbital.build
    PROJECT_TEMP_ROOT = /Users/yangqingru/Library/Developer/Xcode/DerivedData/TennisPro_Orbital-gniskhkqgoqmycdsgrcsmfxzbfjk/Build/Intermediates.noindex
    PROVISIONING_PROFILE_REQUIRED = NO
    PROVISIONING_PROFILE_SUPPORTED = YES
    PUBLIC_HEADERS_FOLDER_PATH = TennisPro_OrbitalTests.xctest/Headers
    RECURSIVE_SEARCH_PATHS_FOLLOW_SYMLINKS = YES
    REMOVE_CVS_FROM_RESOURCES = YES
    REMOVE_GIT_FROM_RESOURCES = YES
    REMOVE_HEADERS_FROM_EMBEDDED_BUNDLES = YES
    REMOVE_HG_FROM_RESOURCES = YES
    REMOVE_STATIC_EXECUTABLES_FROM_EMBEDDED_BUNDLES = YES
    REMOVE_SVN_FROM_RESOURCES = YES
    REZ_COLLECTOR_DIR = /Users/yangqingru/Library/Developer/Xcode/DerivedData/TennisPro_Orbital-gniskhkqgoqmycdsgrcsmfxzbfjk/Build/Intermediates.noindex/TennisPro_Orbital.build/Debug-iphoneos/TennisPro_OrbitalTests.build/ResourceManagerResources
    REZ_OBJECTS_DIR = /Users/yangqingru/Library/Developer/Xcode/DerivedData/TennisPro_Orbital-gniskhkqgoqmycdsgrcsmfxzbfjk/Build/Intermediates.noindex/TennisPro_Orbital.build/Debug-iphoneos/TennisPro_OrbitalTests.build/ResourceManagerResources/Objects
    SCAN_ALL_SOURCE_FILES_FOR_INCLUDES = NO
    SCRIPTS_FOLDER_PATH = TennisPro_OrbitalTests.xctest/Scripts
    SDKROOT = /Applications/Xcode.app/Contents/Developer/Platforms/iPhoneOS.platform/Developer/SDKs/iPhoneOS17.2.sdk
    SDK_DIR = /Applications/Xcode.app/Contents/Developer/Platforms/iPhoneOS.platform/Developer/SDKs/iPhoneOS17.2.sdk
    SDK_DIR_iphoneos17_2 = /Applications/Xcode.app/Contents/Developer/Platforms/iPhoneOS.platform/Developer/SDKs/iPhoneOS17.2.sdk
    SDK_NAME = iphoneos17.2
    SDK_NAMES = iphoneos17.2
    SDK_PRODUCT_BUILD_VERSION = 21C52
    SDK_STAT_CACHE_ENABLE = YES
    SDK_VERSION = 17.2
    SDK_VERSION_ACTUAL = 170200
    SDK_VERSION_MAJOR = 170000
    SDK_VERSION_MINOR = 170200
    SED = /usr/bin/sed
    SEPARATE_STRIP = NO
    SEPARATE_SYMBOL_EDIT = NO
    SET_DIR_MODE_OWNER_GROUP = YES
    SET_FILE_MODE_OWNER_GROUP = NO
    SHALLOW_BUNDLE = YES
    SHALLOW_BUNDLE_TRIPLE = ios
    SHALLOW_BUNDLE_ios_macabi = NO
    SHALLOW_BUNDLE_macos = NO
    SHARED_DERIVED_FILE_DIR = /Users/yangqingru/Library/Developer/Xcode/DerivedData/TennisPro_Orbital-gniskhkqgoqmycdsgrcsmfxzbfjk/Build/Products/Debug-iphoneos/DerivedSources
    SHARED_FRAMEWORKS_FOLDER_PATH = TennisPro_OrbitalTests.xctest/SharedFrameworks
    SHARED_PRECOMPS_DIR = /Users/yangqingru/Library/Developer/Xcode/DerivedData/TennisPro_Orbital-gniskhkqgoqmycdsgrcsmfxzbfjk/Build/Intermediates.noindex/PrecompiledHeaders
    SHARED_SUPPORT_FOLDER_PATH = TennisPro_OrbitalTests.xctest/SharedSupport
    SKIP_INSTALL = YES
    SOURCE_ROOT = /Users/yangqingru/Documents/orbital/orbital_v6/TennisPro_Orbital
    SRCROOT = /Users/yangqingru/Documents/orbital/orbital_v6/TennisPro_Orbital
    STRINGSDATA_DIR = /Users/yangqingru/Library/Developer/Xcode/DerivedData/TennisPro_Orbital-gniskhkqgoqmycdsgrcsmfxzbfjk/Build/Intermediates.noindex/TennisPro_Orbital.build/Debug-iphoneos/TennisPro_OrbitalTests.build/Objects-normal/arm64
    STRINGSDATA_ROOT = /Users/yangqingru/Library/Developer/Xcode/DerivedData/TennisPro_Orbital-gniskhkqgoqmycdsgrcsmfxzbfjk/Build/Intermediates.noindex/TennisPro_Orbital.build/Debug-iphoneos/TennisPro_OrbitalTests.build
    STRINGS_FILE_INFOPLIST_RENAME = YES
    STRINGS_FILE_OUTPUT_ENCODING = binary
    STRIP_BITCODE_FROM_COPIED_FILES = NO
    STRIP_INSTALLED_PRODUCT = YES
    STRIP_STYLE = non-global
    STRIP_SWIFT_SYMBOLS = YES
    SUPPORTED_DEVICE_FAMILIES = 1,2
    SUPPORTED_PLATFORMS = iphonesimulator iphoneos
    SUPPORTS_TEXT_BASED_API = NO
    SUPPRESS_WARNINGS = NO
    SWIFT_ACTIVE_COMPILATION_CONDITIONS = DEBUG 
    SWIFT_EMIT_LOC_STRINGS = NO
    SWIFT_OPTIMIZATION_LEVEL = -Onone
    SWIFT_PLATFORM_TARGET_PREFIX = ios
    SWIFT_VERSION = 5.0
    SYMROOT = /Users/yangqingru/Library/Developer/Xcode/DerivedData/TennisPro_Orbital-gniskhkqgoqmycdsgrcsmfxzbfjk/Build/Products
    SYSTEM_ADMIN_APPS_DIR = /Applications/Utilities
    SYSTEM_APPS_DIR = /Applications
    SYSTEM_CORE_SERVICES_DIR = /System/Library/CoreServices
    SYSTEM_DEMOS_DIR = /Applications/Extras
    SYSTEM_DEVELOPER_APPS_DIR = /Applications/Xcode.app/Contents/Developer/Applications
    SYSTEM_DEVELOPER_BIN_DIR = /Applications/Xcode.app/Contents/Developer/usr/bin
    SYSTEM_DEVELOPER_DEMOS_DIR = /Applications/Xcode.app/Contents/Developer/Applications/Utilities/Built Examples
    SYSTEM_DEVELOPER_DIR = /Applications/Xcode.app/Contents/Developer
    SYSTEM_DEVELOPER_DOC_DIR = /Applications/Xcode.app/Contents/Developer/ADC Reference Library
    SYSTEM_DEVELOPER_GRAPHICS_TOOLS_DIR = /Applications/Xcode.app/Contents/Developer/Applications/Graphics Tools
    SYSTEM_DEVELOPER_JAVA_TOOLS_DIR = /Applications/Xcode.app/Contents/Developer/Applications/Java Tools
    SYSTEM_DEVELOPER_PERFORMANCE_TOOLS_DIR = /Applications/Xcode.app/Contents/Developer/Applications/Performance Tools
    SYSTEM_DEVELOPER_RELEASENOTES_DIR = /Applications/Xcode.app/Contents/Developer/ADC Reference Library/releasenotes
    SYSTEM_DEVELOPER_TOOLS = /Applications/Xcode.app/Contents/Developer/Tools
    SYSTEM_DEVELOPER_TOOLS_DOC_DIR = /Applications/Xcode.app/Contents/Developer/ADC Reference Library/documentation/DeveloperTools
    SYSTEM_DEVELOPER_TOOLS_RELEASENOTES_DIR = /Applications/Xcode.app/Contents/Developer/ADC Reference Library/releasenotes/DeveloperTools
    SYSTEM_DEVELOPER_USR_DIR = /Applications/Xcode.app/Contents/Developer/usr
    SYSTEM_DEVELOPER_UTILITIES_DIR = /Applications/Xcode.app/Contents/Developer/Applications/Utilities
    SYSTEM_DEXT_INSTALL_PATH = /System/Library/DriverExtensions
    SYSTEM_DOCUMENTATION_DIR = /Library/Documentation
    SYSTEM_EXTENSIONS_FOLDER_PATH = TennisPro_OrbitalTests.xctest/SystemExtensions
    SYSTEM_EXTENSIONS_FOLDER_PATH_SHALLOW_BUNDLE_NO = TennisPro_OrbitalTests.xctest/Library/SystemExtensions
    SYSTEM_EXTENSIONS_FOLDER_PATH_SHALLOW_BUNDLE_YES = TennisPro_OrbitalTests.xctest/SystemExtensions
    SYSTEM_FRAMEWORK_SEARCH_PATHS =   /Applications/Xcode.app/Contents/Developer/Platforms/iPhoneOS.platform/Developer/Library/Frameworks /Applications/Xcode.app/Contents/Developer/Platforms/iPhoneOS.platform/Developer/SDKs/iPhoneOS17.2.sdk/Developer/Library/Frameworks
    SYSTEM_KEXT_INSTALL_PATH = /System/Library/Extensions
    SYSTEM_LIBRARY_DIR = /System/Library
    TAPI_DEMANGLE = YES
    TAPI_ENABLE_PROJECT_HEADERS = NO
    TAPI_LANGUAGE = objective-c
    TAPI_LANGUAGE_STANDARD = compiler-default
    TAPI_USE_SRCROOT = YES
    TAPI_VERIFY_MODE = Pedantic
    TARGETED_DEVICE_FAMILY = 1,2
    TARGETNAME = TennisPro_OrbitalTests
    TARGET_BUILD_DIR = /Users/yangqingru/Library/Developer/Xcode/DerivedData/TennisPro_Orbital-gniskhkqgoqmycdsgrcsmfxzbfjk/Build/Products/Debug-iphoneos/TennisPro_Orbital.app/PlugIns
    TARGET_BUILD_SUBPATH = /TennisPro_Orbital.app/PlugIns
    TARGET_NAME = TennisPro_OrbitalTests
    TARGET_TEMP_DIR = /Users/yangqingru/Library/Developer/Xcode/DerivedData/TennisPro_Orbital-gniskhkqgoqmycdsgrcsmfxzbfjk/Build/Intermediates.noindex/TennisPro_Orbital.build/Debug-iphoneos/TennisPro_OrbitalTests.build
    TEMP_DIR = /Users/yangqingru/Library/Developer/Xcode/DerivedData/TennisPro_Orbital-gniskhkqgoqmycdsgrcsmfxzbfjk/Build/Intermediates.noindex/TennisPro_Orbital.build/Debug-iphoneos/TennisPro_OrbitalTests.build
    TEMP_FILES_DIR = /Users/yangqingru/Library/Developer/Xcode/DerivedData/TennisPro_Orbital-gniskhkqgoqmycdsgrcsmfxzbfjk/Build/Intermediates.noindex/TennisPro_Orbital.build/Debug-iphoneos/TennisPro_OrbitalTests.build
    TEMP_FILE_DIR = /Users/yangqingru/Library/Developer/Xcode/DerivedData/TennisPro_Orbital-gniskhkqgoqmycdsgrcsmfxzbfjk/Build/Intermediates.noindex/TennisPro_Orbital.build/Debug-iphoneos/TennisPro_OrbitalTests.build
    TEMP_ROOT = /Users/yangqingru/Library/Developer/Xcode/DerivedData/TennisPro_Orbital-gniskhkqgoqmycdsgrcsmfxzbfjk/Build/Intermediates.noindex
    TEST_FRAMEWORK_SEARCH_PATHS =  /Applications/Xcode.app/Contents/Developer/Platforms/iPhoneOS.platform/Developer/Library/Frameworks /Applications/Xcode.app/Contents/Developer/Platforms/iPhoneOS.platform/Developer/SDKs/iPhoneOS17.2.sdk/Developer/Library/Frameworks
    TEST_HOST = /Users/yangqingru/Library/Developer/Xcode/DerivedData/TennisPro_Orbital-gniskhkqgoqmycdsgrcsmfxzbfjk/Build/Products/Debug-iphoneos/TennisPro_Orbital.app/TennisPro_Orbital
    TEST_LIBRARY_SEARCH_PATHS =  /Applications/Xcode.app/Contents/Developer/Platforms/iPhoneOS.platform/Developer/usr/lib
    TOOLCHAIN_DIR = /Applications/Xcode.app/Contents/Developer/Toolchains/XcodeDefault.xctoolchain
    TREAT_MISSING_BASELINES_AS_TEST_FAILURES = NO
    UID = 501
    UNINSTALLED_PRODUCTS_DIR = /Users/yangqingru/Library/Developer/Xcode/DerivedData/TennisPro_Orbital-gniskhkqgoqmycdsgrcsmfxzbfjk/Build/Intermediates.noindex/UninstalledProducts
    UNLOCALIZED_RESOURCES_FOLDER_PATH = TennisPro_OrbitalTests.xctest
    UNLOCALIZED_RESOURCES_FOLDER_PATH_SHALLOW_BUNDLE_NO = TennisPro_OrbitalTests.xctest/Resources
    UNLOCALIZED_RESOURCES_FOLDER_PATH_SHALLOW_BUNDLE_YES = TennisPro_OrbitalTests.xctest
    UNSTRIPPED_PRODUCT = NO
    USER = yangqingru
    USER_APPS_DIR = /Users/yangqingru/Applications
    USER_LIBRARY_DIR = /Users/yangqingru/Library
    USE_DYNAMIC_NO_PIC = YES
    USE_HEADERMAP = YES
    USE_HEADER_SYMLINKS = NO
    USE_RECURSIVE_SCRIPT_INPUTS_IN_SCRIPT_PHASES = YES
    VALIDATE_PRODUCT = NO
    VALID_ARCHS = arm64 arm64e armv7 armv7s
    VERBOSE_PBXCP = NO
    VERSIONPLIST_PATH = TennisPro_OrbitalTests.xctest/version.plist
    VERSION_INFO_BUILDER = yangqingru
    VERSION_INFO_FILE = TennisPro_OrbitalTests_vers.c
    VERSION_INFO_STRING = "@(#)PROGRAM:TennisPro_OrbitalTests  PROJECT:TennisPro_Orbital-1"
    WRAPPER_EXTENSION = xctest
    WRAPPER_NAME = TennisPro_OrbitalTests.xctest
    WRAPPER_SUFFIX = .xctest
    WRAP_ASSET_PACKS_IN_SEPARATE_DIRECTORIES = NO
    XCODE_APP_SUPPORT_DIR = /Applications/Xcode.app/Contents/Developer/Library/Xcode
    XCODE_PRODUCT_BUILD_VERSION = 15C65
    XCODE_VERSION_ACTUAL = 1510
    XCODE_VERSION_MAJOR = 1500
    XCODE_VERSION_MINOR = 1510
    XPCSERVICES_FOLDER_PATH = TennisPro_OrbitalTests.xctest/XPCServices
    YACC = yacc
    _WRAPPER_CONTENTS_DIR_SHALLOW_BUNDLE_NO = /Contents
    _WRAPPER_PARENT_PATH_SHALLOW_BUNDLE_NO = /..
    _WRAPPER_RESOURCES_DIR_SHALLOW_BUNDLE_NO = /Resources
    arch = arm64
    variant = normal

